mode: set
DeviceService\Test\CreateDevice\main.go:19.67,23.30 3 1
DeviceService\Test\CreateDevice\main.go:27.2,27.39 1 1
DeviceService\Test\CreateDevice\main.go:31.2,31.32 1 1
DeviceService\Test\CreateDevice\main.go:35.2,35.32 1 1
DeviceService\Test\CreateDevice\main.go:39.2,39.34 1 1
DeviceService\Test\CreateDevice\main.go:45.2,45.18 1 1
DeviceService\Test\CreateDevice\main.go:49.2,49.12 1 1
DeviceService\Test\CreateDevice\main.go:23.30,26.3 2 1
DeviceService\Test\CreateDevice\main.go:27.39,30.3 2 1
DeviceService\Test\CreateDevice\main.go:31.32,34.3 2 1
DeviceService\Test\CreateDevice\main.go:35.32,38.3 2 1
DeviceService\Test\CreateDevice\main.go:39.34,42.3 2 1
DeviceService\Test\CreateDevice\main.go:45.18,47.3 1 1
DeviceService\Test\CreateDevice\main.go:53.75,61.2 1 1
DeviceService\Test\CreateDevice\main.go:64.48,74.16 5 1
DeviceService\Test\CreateDevice\main.go:79.2,85.16 3 1
DeviceService\Test\CreateDevice\main.go:89.2,89.12 1 1
DeviceService\Test\CreateDevice\main.go:74.16,76.3 1 0
DeviceService\Test\CreateDevice\main.go:85.16,87.3 1 0
DeviceService\Test\CreateDevice\main.go:94.89,97.71 2 1
DeviceService\Test\CreateDevice\main.go:102.2,102.56 1 1
DeviceService\Test\CreateDevice\main.go:107.2,110.47 2 1
DeviceService\Test\CreateDevice\main.go:115.2,116.16 2 1
DeviceService\Test\CreateDevice\main.go:120.2,120.50 1 1
DeviceService\Test\CreateDevice\main.go:97.71,99.3 1 1
DeviceService\Test\CreateDevice\main.go:102.56,104.3 1 1
DeviceService\Test\CreateDevice\main.go:110.47,112.3 1 0
DeviceService\Test\CreateDevice\main.go:116.16,118.3 1 0
DeviceService\Test\CreateDevice\main.go:123.13,125.2 1 0
